{
  "name": "KREFTREG_DS",
  "temporality": "STATUS",
  "measureVariable": {
    "name": "KREFTREG_DS",
    "label": "Diagnosens sikkerhet",
    "dataType": "STRING",
    "representedVariables": [
      {
        "description": "Hvor p\u00e5litelig diagnosen i meldingen er. P\u00e5liteligheten vurderes ut fra sikkerhet rundt tumors malignitetspotensiale og sikkerhet rundt tumors prim\u00e6re utgangspunkt.",
        "validPeriod": {
          "start": -6209,
          "stop": 18626
        },
        "valueDomain": {
          "codeList": [
            {
              "category": "Det foreligger svulst med usikker malignitet og usikker topografi",
              "code": "0"
            },
            {
              "category": "Det foreligger svulst uten p\u00e5vist malignitet, men sikker topografi",
              "code": "1"
            },
            {
              "category": "Det foreligger svulst med sikker malignitet, men usikker topografi (benyttes bare for solide svulster)",
              "code": "2"
            },
            {
              "category": "Det foreligger svulst med sikker malignitet og sikker topografi",
              "code": "3"
            },
            {
              "category": "Der foreligger svulst med sikker malignitet og sikker topografi hos pasient som er registrert med premalign tilstand i samme organ mer enn fire hele m\u00e5neder forut for diagnosem\u00e5neden til aktuelle krefttilfelle",
              "code": "4"
            },
            {
              "category": "Det foreligger klinisk sikker kreft og sikker topografi",
              "code": "5"
            },
            {
              "category": "Det foreligger klinisk sikker kreft og sikker topografi",
              "code": "6"
            },
            {
              "category": "Det foreligger histologi-/cytologimelding eller d\u00f8dsattest om svulst med usikker malignitetsgrad (usikkert benign/premalign/malign svulst) og sikker topografi f\u00f8r klinisk melding er registrert",
              "code": "7"
            }
          ],
          "missingValues": ["999", "888"]
        }
      },
      {
        "description": "Hvor p\u00e5litelig diagnosen i meldingen er. P\u00e5liteligheten vurderes ut fra sikkerhet rundt tumors malignitetspotensiale og sikkerhet rundt tumors prim\u00e6re utgangspunkt.",
        "validPeriod": {
          "start": 18627
        },
        "valueDomain": {
          "codeList": [
            {
              "category": "Det foreligger svulst med usikker malignitet og usikker topografi",
              "code": "0"
            },
            {
              "category": "Det foreligger svulst med sikker malignitet, men usikker topografi (benyttes bare for solide svulster)",
              "code": "2"
            },
            {
              "category": "Det foreligger svulst med sikker malignitet og sikker topografi",
              "code": "3"
            },
            {
              "category": "Der foreligger svulst med sikker malignitet og sikker topografi hos pasient som er registrert med premalign tilstand i samme organ mer enn fire hele m\u00e5neder forut for diagnosem\u00e5neden til aktuelle krefttilfelle",
              "code": "4"
            },
            {
              "category": "Det foreligger klinisk sikker kreft og sikker topografi",
              "code": "5"
            },
            {
              "category": "Det foreligger klinisk sikker kreft og sikker topografi",
              "code": "6"
            },
            {
              "category": "Det foreligger histologi-/cytologimelding eller d\u00f8dsattest om svulst med usikker malignitetsgrad (usikkert benign/premalign/malign svulst) og sikker topografi f\u00f8r klinisk melding er registrert",
              "code": "7"
            }
          ],
          "missingValues": ["999", "888"]
        }
      }
    ],
    "keyType": {
      "name": "SYKDOMSTILFELLE",
      "label": "Sykdomstilfelle",
      "description": "Sykdomstilfelle(r) for personer."
    }
  }
}
